#-----------------------------------------------------------
# Vivado v2024.1 (64-bit)
# SW Build 5076996 on Wed May 22 18:36:09 MDT 2024
# IP Build 5075265 on Wed May 22 21:45:21 MDT 2024
# SharedData Build 5076995 on Wed May 22 18:29:18 MDT 2024
# Start of session at: Thu Jul 11 00:01:49 2024
# Process ID: 15742
# Current directory: /mnt/Data/Programming/FPGA/project_1/project_1.runs/impl_1
# Command line: vivado -log top.vdi -applog -product Vivado -messageDb vivado.pb -mode batch -source top.tcl -notrace
# Log file: /mnt/Data/Programming/FPGA/project_1/project_1.runs/impl_1/top.vdi
# Journal file: /mnt/Data/Programming/FPGA/project_1/project_1.runs/impl_1/vivado.jou
# Running On        :MSI-LIN
# Platform          :Ubuntu
# Operating System  :Ubuntu 22.04.4 LTS
# Processor Detail  :Intel(R) Core(TM) i7-8750H CPU @ 2.20GHz
# CPU Frequency     :899.995 MHz
# CPU Physical cores:6
# CPU Logical cores :12
# Host memory       :16597 MB
# Swap memory       :2147 MB
# Total Virtual     :18744 MB
# Available Virtual :13044 MB
#-----------------------------------------------------------
source top.tcl -notrace
